<html>
<body>
<pre>
<h1>µVision Build Log</h1>
<h2>Tool Versions:</h2>
IDE-Version: ¦ÌVision V5.23.0.0
Copyright (C) 2017 ARM Ltd and ARM Germany GmbH. All rights reserved.
License Information: 1 1, 1, LIC=9N0AR-KW6I5-KUU4L-042DA-4GU9K-VI7BX
 
Tool Versions:
Toolchain:       MDK-ARM Professional  Version: 5.23
Toolchain Path:  C:\Keil_v5\ARM\ARMCC\Bin
C Compiler:      Armcc.exe V5.06 update 4 (build 422)
Assembler:       Armasm.exe V5.06 update 4 (build 422)
Linker/Locator:  ArmLink.exe V5.06 update 4 (build 422)
Library Manager: ArmAr.exe V5.06 update 4 (build 422)
Hex Converter:   FromElf.exe V5.06 update 4 (build 422)
CPU DLL:         SARMCM3.DLL V5.23
Dialog DLL:      DCM.DLL V1.15.0.0
Target DLL:      CMSIS_AGDI.dll V1.27.5.0
Dialog DLL:      TCM.DLL V1.27.0.0
 
<h2>Project:</h2>
C:\github\New_Legends\MDK-ARM\standard_robot.uvprojx
Project File Date:  09/22/2021

<h2>Output:</h2>
*** Using Compiler 'V5.06 update 4 (build 422)', folder: 'C:\Keil_v5\ARM\ARMCC\Bin'
Build target 'standard_robot'
compiling chassis_task.c...
..\application\gimbal_task.h(337): warning:  #1295-D: Deprecated declaration software_reset - give arg types
  extern void software_reset();
..\application\chassis_behaviour.h(88): warning:  #47-D: incompatible redefinition of macro "SWING_KEY"  (declared at line 85 of "..\application\chassis_task.h")
  #define SWING_KEY ((chassis_move.chassis_RC->key.v  & KEY_PRESSED_OFFSET_C) && !(chassis_move.chassis_last_key_v & KEY_PRESSED_OFFSET_C))
..\application\chassis_behaviour.h(90): warning:  #47-D: incompatible redefinition of macro "TOP_KEY"  (declared at line 87 of "..\application\chassis_task.h")
  #define TOP_KEY ((chassis_move.chassis_RC->key.v  & KEY_PRESSED_OFFSET_F) && !(chassis_move.chassis_last_key_v & KEY_PRESSED_OFFSET_F))
..\application\chassis_task.c(515): warning:  #1035-D: single-precision operand implicitly converted to double-precision
          chassis_move_control_loop->max_wheel_speed = 1.5 * 
AX_WHEEL_SPEED;
..\application\chassis_task.c: 4 warnings, 0 errors
linking...
Program Size: Code=114208 RO-data=14768 RW-data=1440 ZI-data=59272  
FromELF: creating hex file...
"standard_tpye_c\standard_tpye_c.axf" - 0 Error(s), 4 Warning(s).

<h2>Software Packages used:</h2>

Package Vendor: ARM
                http://www.keil.com/pack/ARM.CMSIS.5.0.1.pack
                ARM::CMSIS:CORE:5.0.1
                CMSIS (Cortex Microcontroller Software Interface Standard)
   * Component: CORE Version: 5.0.1

<h2>Collection of Component include folders:</h2>
  .\RTE\_standard_robot
  C:\Keil_v5\ARM\PACK\ARM\CMSIS\5.0.1\CMSIS\Include
  C:\Keil_v5\ARM\PACK\Keil\STM32F4xx_DFP\2.12.0\Drivers\CMSIS\Device\ST\STM32F4xx\Include

<h2>Collection of Component Files used:</h2>

   * Component: ARM::CMSIS:CORE:5.0.1
Build Time Elapsed:  00:00:02
</pre>
</body>
</html>
